C:\Users\PC GAMING\Documents\Trabajos Uni\2º\Arquitectura\Tetris\borde.c(12): warning[fwdref]: forward reference of symbol: if(j == margin){
C:\Users\PC GAMING\Documents\Trabajos Uni\2º\Arquitectura\Tetris\borde.c(12): warning[fwdref]: forward reference of symbol: if(j == margin){
# file opened: C:\Users\PC GAMING\Documents\Trabajos Uni\2º\Arquitectura\Tetris\borde.c
C:\Users\PC GAMING\Documents\Trabajos Uni\2º\Arquitectura\Tetris\borde.c(1): error: Invalid labelname: #include
C:\Users\PC GAMING\Documents\Trabajos Uni\2º\Arquitectura\Tetris\borde.c(1): error: Unrecognized instruction: <stdio.h>
C:\Users\PC GAMING\Documents\Trabajos Uni\2º\Arquitectura\Tetris\borde.c(1): error: Unexpected: <stdio.h>
 1    0000              #include <stdio.h>
 2    0000
C:\Users\PC GAMING\Documents\Trabajos Uni\2º\Arquitectura\Tetris\borde.c(3): error: Invalid labelname: #define
C:\Users\PC GAMING\Documents\Trabajos Uni\2º\Arquitectura\Tetris\borde.c(3): error: Unrecognized instruction: FILAS 24
 3    0000              #define FILAS 24
 4    0000
C:\Users\PC GAMING\Documents\Trabajos Uni\2º\Arquitectura\Tetris\borde.c(5): error: Unrecognized instruction: main(){
 5    0000              int main(){
C:\Users\PC GAMING\Documents\Trabajos Uni\2º\Arquitectura\Tetris\borde.c(6): error: Unrecognized instruction: int column = 32
 6    0000                  int column = 32;
C:\Users\PC GAMING\Documents\Trabajos Uni\2º\Arquitectura\Tetris\borde.c(7): error: Unrecognized instruction: int margin = 11
 7    0000                  int margin = 11;
C:\Users\PC GAMING\Documents\Trabajos Uni\2º\Arquitectura\Tetris\borde.c(8): error: Unrecognized instruction: int width = 8
 8    0000                  int width = 8;
C:\Users\PC GAMING\Documents\Trabajos Uni\2º\Arquitectura\Tetris\borde.c(9): error: Unrecognized instruction: for(int i = 0
 9    0000                  for(int i = 0; i< FILAS; i++){
C:\Users\PC GAMING\Documents\Trabajos Uni\2º\Arquitectura\Tetris\borde.c(10): error: Unrecognized instruction: for(int j = 0
10    0000                      for(int j = 0; j < column; j++){
C:\Users\PC GAMING\Documents\Trabajos Uni\2º\Arquitectura\Tetris\borde.c(11): error: Unrecognized instruction: printf("N")
11    0000                          printf("N");
C:\Users\PC GAMING\Documents\Trabajos Uni\2º\Arquitectura\Tetris\borde.c(12): error: Label not found: j
12    0000                          if(j == margin){
C:\Users\PC GAMING\Documents\Trabajos Uni\2º\Arquitectura\Tetris\borde.c(13): error: Unrecognized instruction: printf("B")
13    0000                              printf("B");
C:\Users\PC GAMING\Documents\Trabajos Uni\2º\Arquitectura\Tetris\borde.c(14): error: Unrecognized instruction: for(int k = 0
14    0000                              for(int k = 0; k < width; k++){
C:\Users\PC GAMING\Documents\Trabajos Uni\2º\Arquitectura\Tetris\borde.c(15): error: Unrecognized instruction: printf("N")
15    0000                                  printf("N");
C:\Users\PC GAMING\Documents\Trabajos Uni\2º\Arquitectura\Tetris\borde.c(16): error: Unrecognized instruction: }
C:\Users\PC GAMING\Documents\Trabajos Uni\2º\Arquitectura\Tetris\borde.c(16): error: Unexpected: }
16    0000                              }
C:\Users\PC GAMING\Documents\Trabajos Uni\2º\Arquitectura\Tetris\borde.c(17): error: Unrecognized instruction: printf("B")
17    0000                              printf("B");
C:\Users\PC GAMING\Documents\Trabajos Uni\2º\Arquitectura\Tetris\borde.c(18): error: Unrecognized instruction: }
C:\Users\PC GAMING\Documents\Trabajos Uni\2º\Arquitectura\Tetris\borde.c(18): error: Unexpected: }
18    0000                          }
C:\Users\PC GAMING\Documents\Trabajos Uni\2º\Arquitectura\Tetris\borde.c(19): error: Unrecognized instruction: printf("N")
19    0000                          printf("N");
C:\Users\PC GAMING\Documents\Trabajos Uni\2º\Arquitectura\Tetris\borde.c(20): error: Unrecognized instruction: }
C:\Users\PC GAMING\Documents\Trabajos Uni\2º\Arquitectura\Tetris\borde.c(20): error: Unexpected: }
20    0000                      }
C:\Users\PC GAMING\Documents\Trabajos Uni\2º\Arquitectura\Tetris\borde.c(21): error: Unrecognized instruction: printf("\n")
21    0000                      printf("\n");
C:\Users\PC GAMING\Documents\Trabajos Uni\2º\Arquitectura\Tetris\borde.c(22): error: Unrecognized instruction: }
C:\Users\PC GAMING\Documents\Trabajos Uni\2º\Arquitectura\Tetris\borde.c(22): error: Unexpected: }
22    0000                  }
C:\Users\PC GAMING\Documents\Trabajos Uni\2º\Arquitectura\Tetris\borde.c(23): error: Unrecognized instruction: return 0
23    0000                  return 0;
C:\Users\PC GAMING\Documents\Trabajos Uni\2º\Arquitectura\Tetris\borde.c(24): error: Invalid labelname: }
24    0000              }
C:\Users\PC GAMING\Documents\Trabajos Uni\2º\Arquitectura\Tetris\borde.c(24): error: [IF] No ENDIF
C:\Users\PC GAMING\Documents\Trabajos Uni\2º\Arquitectura\Tetris\borde.c(24): error: Unexpected: {
24    0000
# file closed: C:\Users\PC GAMING\Documents\Trabajos Uni\2º\Arquitectura\Tetris\borde.c
