# file opened: C:\Users\Mario\Documents\Trabajos Uni\2\Arquitectura y Organizacion de computadores\Tetris\game.asm
 1    0000              MAINGAME:
C:\Users\Mario\Documents\Trabajos Uni\2\Arquitectura y Organizacion de computadores\Tetris\game.asm(2): error: Label not found: CLEARSCR
 2    0000 CD 00 00         CALL CLEARSCR
 3    0003              ANCHO EQU 11
 4    0003              LARGO EQU 15
 5    0003              ;--------------------------------
 6    0003 3E 20            LD A, 32
 7    0005 D6 02            SUB 2
 8    0007 D6 0B            SUB ANCHO
 9    0009 CB 3F            SRL A
10    000B 4F               LD C, A
11    000C 3E 00            LD A, 0
12    000E C6 A0            ADD (32 * 5)
13    0010 81               ADD C
14    0011 21 00 58         LD HL, $5800
15    0014 06 0F            LD B, LARGO
16    0016              bucle:
17    0016 C5               PUSH BC
18    0017 47               LD B, A
19    0018              marco_izq:
20    0018 23               INC HL
21    0019 10 FD            DJNZ marco_izq
22    001B C5               PUSH BC
23    001C              margenizq:
24    001C 23               INC HL
25    001D 0E 01            LD C,1
26    001F 79               LD A, C
27    0020 87               ADD A
28    0021 87               ADD A
29    0022 87               ADD A
30    0023 77               ld (hl), a  					; Transfer the color to the video memory position
31    0024
32    0024 3E 00            LD A, 0
33    0026 06 0B            LD B, ANCHO
34    0028 80               ADD B
35    0029 47               LD B, A
36    002A              comienzo_ancho:
37    002A 23               INC HL
38    002B 10 FD            DJNZ comienzo_ancho
39    002D 18 00            JR margendrcho
40    002F              margendrcho:
41    002F 23               INC HL
42    0030 0E 01            LD C,1
43    0032 79               LD A, C
44    0033 87               ADD A
45    0034 87               ADD A
46    0035 87               ADD A
47    0036 77               ld (hl), a
48    0037
49    0037 C1               POP BC
50    0038 41               LD B, C
51    0039              marco_drcho
52    0039 23               INC HL
53    003A 10 FD            DJNZ marco_drcho
54    003C C1               POP BC
55    003D 10 D7            DJNZ bucle
56    003F
57    003F 18 FE        fin: JR fin
58    0041
# file closed: C:\Users\Mario\Documents\Trabajos Uni\2\Arquitectura y Organizacion de computadores\Tetris\game.asm
